

================================================================
== Vivado HLS Report for 'dense_array_array_ap_fixed_16_6_5_3_0_2u_config12_s'
================================================================
* Date:           Tue Jul 20 16:26:06 2021

* Version:        2019.2 (Build 2698951 on Thu Oct 24 19:15:34 MDT 2019)
* Project:        myproject_prj
* Solution:       solution1
* Product family: virtex7
* Target device:  xc7vx690t-ffg1761-2


================================================================
== Performance Estimates
================================================================
+ Timing: 
    * Summary: 
    +--------+---------+----------+------------+
    |  Clock |  Target | Estimated| Uncertainty|
    +--------+---------+----------+------------+
    |ap_clk  | 5.00 ns | 4.263 ns |   0.62 ns  |
    +--------+---------+----------+------------+

+ Latency: 
    * Summary: 
    +---------+---------+-----------+-----------+-----+-----+---------+
    |  Latency (cycles) |   Latency (absolute)  |  Interval | Pipeline|
    |   min   |   max   |    min    |    max    | min | max |   Type  |
    +---------+---------+-----------+-----------+-----+-----+---------+
    |        4|        4| 20.000 ns | 20.000 ns |    4|    4|   none  |
    +---------+---------+-----------+-----------+-----+-----+---------+

    + Detail: 
        * Instance: 
        +------------------------------------------------------------------+-------------------------------------------------------+---------+---------+-----------+-----------+-----+-----+----------+
        |                                                                  |                                                       |  Latency (cycles) |   Latency (absolute)  |  Interval | Pipeline |
        |                             Instance                             |                         Module                        |   min   |   max   |    min    |    max    | min | max |   Type   |
        +------------------------------------------------------------------+-------------------------------------------------------+---------+---------+-----------+-----------+-----+-----+----------+
        |grp_dense_wrapper_ap_fixed_ap_fixed_16_6_5_3_0_config12_s_fu_320  |dense_wrapper_ap_fixed_ap_fixed_16_6_5_3_0_config12_s  |        2|        2| 10.000 ns | 10.000 ns |    1|    1| function |
        +------------------------------------------------------------------+-------------------------------------------------------+---------+---------+-----------+-----------+-----+-----+----------+

        * Loop: 
        N/A



================================================================
== Utilization Estimates
================================================================
* Summary: 
+-----------------+---------+-------+--------+--------+-----+
|       Name      | BRAM_18K| DSP48E|   FF   |   LUT  | URAM|
+-----------------+---------+-------+--------+--------+-----+
|DSP              |        -|      -|       -|       -|    -|
|Expression       |        -|      -|       0|       6|    -|
|FIFO             |        -|      -|       -|       -|    -|
|Instance         |        -|     26|     530|     615|    -|
|Memory           |        -|      -|       -|       -|    -|
|Multiplexer      |        -|      -|       -|     213|    -|
|Register         |        -|      -|     263|       -|    -|
+-----------------+---------+-------+--------+--------+-----+
|Total            |        0|     26|     793|     834|    0|
+-----------------+---------+-------+--------+--------+-----+
|Available        |     2940|   3600|  866400|  433200|    0|
+-----------------+---------+-------+--------+--------+-----+
|Utilization (%)  |        0|   ~0  |   ~0   |   ~0   |    0|
+-----------------+---------+-------+--------+--------+-----+

+ Detail: 
    * Instance: 
    +------------------------------------------------------------------+-------------------------------------------------------+---------+-------+-----+-----+-----+
    |                             Instance                             |                         Module                        | BRAM_18K| DSP48E|  FF | LUT | URAM|
    +------------------------------------------------------------------+-------------------------------------------------------+---------+-------+-----+-----+-----+
    |grp_dense_wrapper_ap_fixed_ap_fixed_16_6_5_3_0_config12_s_fu_320  |dense_wrapper_ap_fixed_ap_fixed_16_6_5_3_0_config12_s  |        0|     26|  530|  615|    0|
    +------------------------------------------------------------------+-------------------------------------------------------+---------+-------+-----+-----+-----+
    |Total                                                             |                                                       |        0|     26|  530|  615|    0|
    +------------------------------------------------------------------+-------------------------------------------------------+---------+-------+-----+-----+-----+

    * DSP48E: 
    N/A

    * Memory: 
    N/A

    * FIFO: 
    N/A

    * Expression: 
    +--------------------------+----------+-------+---+----+------------+------------+
    |       Variable Name      | Operation| DSP48E| FF| LUT| Bitwidth P0| Bitwidth P1|
    +--------------------------+----------+-------+---+----+------------+------------+
    |io_acc_block_signal_op49  |    and   |      0|  0|   2|           1|           1|
    |io_acc_block_signal_op6   |    and   |      0|  0|   2|           1|           1|
    |ap_block_state1           |    or    |      0|  0|   2|           1|           1|
    +--------------------------+----------+-------+---+----+------------+------------+
    |Total                     |          |      0|  0|   6|           3|           3|
    +--------------------------+----------+-------+---+----+------------+------------+

    * Multiplexer: 
    +-------------------------------+----+-----------+-----+-----------+
    |              Name             | LUT| Input Size| Bits| Total Bits|
    +-------------------------------+----+-----------+-----+-----------+
    |ap_NS_fsm                      |  33|          6|    1|          6|
    |ap_done                        |   9|          2|    1|          2|
    |data_stream_V_data_0_V_blk_n   |   9|          2|    1|          2|
    |data_stream_V_data_10_V_blk_n  |   9|          2|    1|          2|
    |data_stream_V_data_11_V_blk_n  |   9|          2|    1|          2|
    |data_stream_V_data_12_V_blk_n  |   9|          2|    1|          2|
    |data_stream_V_data_13_V_blk_n  |   9|          2|    1|          2|
    |data_stream_V_data_14_V_blk_n  |   9|          2|    1|          2|
    |data_stream_V_data_15_V_blk_n  |   9|          2|    1|          2|
    |data_stream_V_data_1_V_blk_n   |   9|          2|    1|          2|
    |data_stream_V_data_2_V_blk_n   |   9|          2|    1|          2|
    |data_stream_V_data_3_V_blk_n   |   9|          2|    1|          2|
    |data_stream_V_data_4_V_blk_n   |   9|          2|    1|          2|
    |data_stream_V_data_5_V_blk_n   |   9|          2|    1|          2|
    |data_stream_V_data_6_V_blk_n   |   9|          2|    1|          2|
    |data_stream_V_data_7_V_blk_n   |   9|          2|    1|          2|
    |data_stream_V_data_8_V_blk_n   |   9|          2|    1|          2|
    |data_stream_V_data_9_V_blk_n   |   9|          2|    1|          2|
    |real_start                     |   9|          2|    1|          2|
    |res_stream_V_data_0_V_blk_n    |   9|          2|    1|          2|
    |res_stream_V_data_1_V_blk_n    |   9|          2|    1|          2|
    +-------------------------------+----+-----------+-----+-----------+
    |Total                          | 213|         46|   21|         46|
    +-------------------------------+----+-----------+-----+-----------+

    * Register: 
    +-------------------+----+----+-----+-----------+
    |        Name       | FF | LUT| Bits| Const Bits|
    +-------------------+----+----+-----+-----------+
    |ap_CS_fsm          |   5|   0|    5|          0|
    |ap_done_reg        |   1|   0|    1|          0|
    |data_0_V_reg_414   |  16|   0|   16|          0|
    |data_10_V_reg_464  |  16|   0|   16|          0|
    |data_11_V_reg_469  |  16|   0|   16|          0|
    |data_12_V_reg_474  |  16|   0|   16|          0|
    |data_13_V_reg_479  |  16|   0|   16|          0|
    |data_14_V_reg_484  |  16|   0|   16|          0|
    |data_15_V_reg_489  |  16|   0|   16|          0|
    |data_1_V_reg_419   |  16|   0|   16|          0|
    |data_2_V_reg_424   |  16|   0|   16|          0|
    |data_3_V_reg_429   |  16|   0|   16|          0|
    |data_4_V_reg_434   |  16|   0|   16|          0|
    |data_5_V_reg_439   |  16|   0|   16|          0|
    |data_6_V_reg_444   |  16|   0|   16|          0|
    |data_7_V_reg_449   |  16|   0|   16|          0|
    |data_8_V_reg_454   |  16|   0|   16|          0|
    |data_9_V_reg_459   |  16|   0|   16|          0|
    |start_once_reg     |   1|   0|    1|          0|
    +-------------------+----+----+-----+-----------+
    |Total              | 263|   0|  263|          0|
    +-------------------+----+----+-----+-----------+



================================================================
== Interface
================================================================
* Summary: 
+---------------------------------+-----+-----+------------+------------------------------------------------------+--------------+
|            RTL Ports            | Dir | Bits|  Protocol  |                     Source Object                    |    C Type    |
+---------------------------------+-----+-----+------------+------------------------------------------------------+--------------+
|ap_clk                           |  in |    1| ap_ctrl_hs | dense<array,array<ap_fixed<16,6,5,3,0>,2u>,config12> | return value |
|ap_rst                           |  in |    1| ap_ctrl_hs | dense<array,array<ap_fixed<16,6,5,3,0>,2u>,config12> | return value |
|ap_start                         |  in |    1| ap_ctrl_hs | dense<array,array<ap_fixed<16,6,5,3,0>,2u>,config12> | return value |
|start_full_n                     |  in |    1| ap_ctrl_hs | dense<array,array<ap_fixed<16,6,5,3,0>,2u>,config12> | return value |
|ap_done                          | out |    1| ap_ctrl_hs | dense<array,array<ap_fixed<16,6,5,3,0>,2u>,config12> | return value |
|ap_continue                      |  in |    1| ap_ctrl_hs | dense<array,array<ap_fixed<16,6,5,3,0>,2u>,config12> | return value |
|ap_idle                          | out |    1| ap_ctrl_hs | dense<array,array<ap_fixed<16,6,5,3,0>,2u>,config12> | return value |
|ap_ready                         | out |    1| ap_ctrl_hs | dense<array,array<ap_fixed<16,6,5,3,0>,2u>,config12> | return value |
|start_out                        | out |    1| ap_ctrl_hs | dense<array,array<ap_fixed<16,6,5,3,0>,2u>,config12> | return value |
|start_write                      | out |    1| ap_ctrl_hs | dense<array,array<ap_fixed<16,6,5,3,0>,2u>,config12> | return value |
|data_stream_V_data_0_V_dout      |  in |   16|   ap_fifo  |                data_stream_V_data_0_V                |    pointer   |
|data_stream_V_data_0_V_empty_n   |  in |    1|   ap_fifo  |                data_stream_V_data_0_V                |    pointer   |
|data_stream_V_data_0_V_read      | out |    1|   ap_fifo  |                data_stream_V_data_0_V                |    pointer   |
|data_stream_V_data_1_V_dout      |  in |   16|   ap_fifo  |                data_stream_V_data_1_V                |    pointer   |
|data_stream_V_data_1_V_empty_n   |  in |    1|   ap_fifo  |                data_stream_V_data_1_V                |    pointer   |
|data_stream_V_data_1_V_read      | out |    1|   ap_fifo  |                data_stream_V_data_1_V                |    pointer   |
|data_stream_V_data_2_V_dout      |  in |   16|   ap_fifo  |                data_stream_V_data_2_V                |    pointer   |
|data_stream_V_data_2_V_empty_n   |  in |    1|   ap_fifo  |                data_stream_V_data_2_V                |    pointer   |
|data_stream_V_data_2_V_read      | out |    1|   ap_fifo  |                data_stream_V_data_2_V                |    pointer   |
|data_stream_V_data_3_V_dout      |  in |   16|   ap_fifo  |                data_stream_V_data_3_V                |    pointer   |
|data_stream_V_data_3_V_empty_n   |  in |    1|   ap_fifo  |                data_stream_V_data_3_V                |    pointer   |
|data_stream_V_data_3_V_read      | out |    1|   ap_fifo  |                data_stream_V_data_3_V                |    pointer   |
|data_stream_V_data_4_V_dout      |  in |   16|   ap_fifo  |                data_stream_V_data_4_V                |    pointer   |
|data_stream_V_data_4_V_empty_n   |  in |    1|   ap_fifo  |                data_stream_V_data_4_V                |    pointer   |
|data_stream_V_data_4_V_read      | out |    1|   ap_fifo  |                data_stream_V_data_4_V                |    pointer   |
|data_stream_V_data_5_V_dout      |  in |   16|   ap_fifo  |                data_stream_V_data_5_V                |    pointer   |
|data_stream_V_data_5_V_empty_n   |  in |    1|   ap_fifo  |                data_stream_V_data_5_V                |    pointer   |
|data_stream_V_data_5_V_read      | out |    1|   ap_fifo  |                data_stream_V_data_5_V                |    pointer   |
|data_stream_V_data_6_V_dout      |  in |   16|   ap_fifo  |                data_stream_V_data_6_V                |    pointer   |
|data_stream_V_data_6_V_empty_n   |  in |    1|   ap_fifo  |                data_stream_V_data_6_V                |    pointer   |
|data_stream_V_data_6_V_read      | out |    1|   ap_fifo  |                data_stream_V_data_6_V                |    pointer   |
|data_stream_V_data_7_V_dout      |  in |   16|   ap_fifo  |                data_stream_V_data_7_V                |    pointer   |
|data_stream_V_data_7_V_empty_n   |  in |    1|   ap_fifo  |                data_stream_V_data_7_V                |    pointer   |
|data_stream_V_data_7_V_read      | out |    1|   ap_fifo  |                data_stream_V_data_7_V                |    pointer   |
|data_stream_V_data_8_V_dout      |  in |   16|   ap_fifo  |                data_stream_V_data_8_V                |    pointer   |
|data_stream_V_data_8_V_empty_n   |  in |    1|   ap_fifo  |                data_stream_V_data_8_V                |    pointer   |
|data_stream_V_data_8_V_read      | out |    1|   ap_fifo  |                data_stream_V_data_8_V                |    pointer   |
|data_stream_V_data_9_V_dout      |  in |   16|   ap_fifo  |                data_stream_V_data_9_V                |    pointer   |
|data_stream_V_data_9_V_empty_n   |  in |    1|   ap_fifo  |                data_stream_V_data_9_V                |    pointer   |
|data_stream_V_data_9_V_read      | out |    1|   ap_fifo  |                data_stream_V_data_9_V                |    pointer   |
|data_stream_V_data_10_V_dout     |  in |   16|   ap_fifo  |                data_stream_V_data_10_V               |    pointer   |
|data_stream_V_data_10_V_empty_n  |  in |    1|   ap_fifo  |                data_stream_V_data_10_V               |    pointer   |
|data_stream_V_data_10_V_read     | out |    1|   ap_fifo  |                data_stream_V_data_10_V               |    pointer   |
|data_stream_V_data_11_V_dout     |  in |   16|   ap_fifo  |                data_stream_V_data_11_V               |    pointer   |
|data_stream_V_data_11_V_empty_n  |  in |    1|   ap_fifo  |                data_stream_V_data_11_V               |    pointer   |
|data_stream_V_data_11_V_read     | out |    1|   ap_fifo  |                data_stream_V_data_11_V               |    pointer   |
|data_stream_V_data_12_V_dout     |  in |   16|   ap_fifo  |                data_stream_V_data_12_V               |    pointer   |
|data_stream_V_data_12_V_empty_n  |  in |    1|   ap_fifo  |                data_stream_V_data_12_V               |    pointer   |
|data_stream_V_data_12_V_read     | out |    1|   ap_fifo  |                data_stream_V_data_12_V               |    pointer   |
|data_stream_V_data_13_V_dout     |  in |   16|   ap_fifo  |                data_stream_V_data_13_V               |    pointer   |
|data_stream_V_data_13_V_empty_n  |  in |    1|   ap_fifo  |                data_stream_V_data_13_V               |    pointer   |
|data_stream_V_data_13_V_read     | out |    1|   ap_fifo  |                data_stream_V_data_13_V               |    pointer   |
|data_stream_V_data_14_V_dout     |  in |   16|   ap_fifo  |                data_stream_V_data_14_V               |    pointer   |
|data_stream_V_data_14_V_empty_n  |  in |    1|   ap_fifo  |                data_stream_V_data_14_V               |    pointer   |
|data_stream_V_data_14_V_read     | out |    1|   ap_fifo  |                data_stream_V_data_14_V               |    pointer   |
|data_stream_V_data_15_V_dout     |  in |   16|   ap_fifo  |                data_stream_V_data_15_V               |    pointer   |
|data_stream_V_data_15_V_empty_n  |  in |    1|   ap_fifo  |                data_stream_V_data_15_V               |    pointer   |
|data_stream_V_data_15_V_read     | out |    1|   ap_fifo  |                data_stream_V_data_15_V               |    pointer   |
|res_stream_V_data_0_V_din        | out |   16|   ap_fifo  |                 res_stream_V_data_0_V                |    pointer   |
|res_stream_V_data_0_V_full_n     |  in |    1|   ap_fifo  |                 res_stream_V_data_0_V                |    pointer   |
|res_stream_V_data_0_V_write      | out |    1|   ap_fifo  |                 res_stream_V_data_0_V                |    pointer   |
|res_stream_V_data_1_V_din        | out |   16|   ap_fifo  |                 res_stream_V_data_1_V                |    pointer   |
|res_stream_V_data_1_V_full_n     |  in |    1|   ap_fifo  |                 res_stream_V_data_1_V                |    pointer   |
|res_stream_V_data_1_V_write      | out |    1|   ap_fifo  |                 res_stream_V_data_1_V                |    pointer   |
+---------------------------------+-----+-----+------------+------------------------------------------------------+--------------+

