

================================================================
== Vivado HLS Report for 'softmax_array_array_ap_fixed_2u_softmax_config13_s'
================================================================
* Date:           Tue Jul 20 16:26:19 2021

* Version:        2019.2 (Build 2698951 on Thu Oct 24 19:15:34 MDT 2019)
* Project:        myproject_prj
* Solution:       solution1
* Product family: virtex7
* Target device:  xc7vx690t-ffg1761-2


================================================================
== Performance Estimates
================================================================
+ Timing: 
    * Summary: 
    +--------+---------+----------+------------+
    |  Clock |  Target | Estimated| Uncertainty|
    +--------+---------+----------+------------+
    |ap_clk  | 5.00 ns | 3.740 ns |   0.62 ns  |
    +--------+---------+----------+------------+

+ Latency: 
    * Summary: 
    +---------+---------+-----------+-----------+-----+-----+---------+
    |  Latency (cycles) |   Latency (absolute)  |  Interval | Pipeline|
    |   min   |   max   |    min    |    max    | min | max |   Type  |
    +---------+---------+-----------+-----------+-----+-----+---------+
    |        6|        6| 30.000 ns | 30.000 ns |    6|    6|   none  |
    +---------+---------+-----------+-----------+-----+-----+---------+

    + Detail: 
        * Instance: 
        +----------------------------------------------------------+------------------------------------------------+---------+---------+-----------+-----------+-----+-----+----------+
        |                                                          |                                                |  Latency (cycles) |   Latency (absolute)  |  Interval | Pipeline |
        |                         Instance                         |                     Module                     |   min   |   max   |    min    |    max    | min | max |   Type   |
        +----------------------------------------------------------+------------------------------------------------+---------+---------+-----------+-----------+-----+-----+----------+
        |grp_softmax_latency_array_array_softmax_config13_s_fu_56  |softmax_latency_array_array_softmax_config13_s  |        5|        5| 25.000 ns | 25.000 ns |    1|    1| function |
        +----------------------------------------------------------+------------------------------------------------+---------+---------+-----------+-----------+-----+-----+----------+

        * Loop: 
        N/A



================================================================
== Utilization Estimates
================================================================
* Summary: 
+-----------------+---------+-------+--------+--------+-----+
|       Name      | BRAM_18K| DSP48E|   FF   |   LUT  | URAM|
+-----------------+---------+-------+--------+--------+-----+
|DSP              |        -|      -|       -|       -|    -|
|Expression       |        -|      -|       0|      12|    -|
|FIFO             |        -|      -|       -|       -|    -|
|Instance         |        2|      2|     204|     144|    -|
|Memory           |        -|      -|       -|       -|    -|
|Multiplexer      |        -|      -|       -|     104|    -|
|Register         |        -|      -|       8|       -|    -|
+-----------------+---------+-------+--------+--------+-----+
|Total            |        2|      2|     212|     260|    0|
+-----------------+---------+-------+--------+--------+-----+
|Available        |     2940|   3600|  866400|  433200|    0|
+-----------------+---------+-------+--------+--------+-----+
|Utilization (%)  |    ~0   |   ~0  |   ~0   |   ~0   |    0|
+-----------------+---------+-------+--------+--------+-----+

+ Detail: 
    * Instance: 
    +----------------------------------------------------------+------------------------------------------------+---------+-------+-----+-----+-----+
    |                         Instance                         |                     Module                     | BRAM_18K| DSP48E|  FF | LUT | URAM|
    +----------------------------------------------------------+------------------------------------------------+---------+-------+-----+-----+-----+
    |grp_softmax_latency_array_array_softmax_config13_s_fu_56  |softmax_latency_array_array_softmax_config13_s  |        2|      2|  204|  144|    0|
    +----------------------------------------------------------+------------------------------------------------+---------+-------+-----+-----+-----+
    |Total                                                     |                                                |        2|      2|  204|  144|    0|
    +----------------------------------------------------------+------------------------------------------------+---------+-------+-----+-----+-----+

    * DSP48E: 
    N/A

    * Memory: 
    N/A

    * FIFO: 
    N/A

    * Expression: 
    +--------------------------------------------------------------------------------+----------+-------+---+----+------------+------------+
    |                                  Variable Name                                 | Operation| DSP48E| FF| LUT| Bitwidth P0| Bitwidth P1|
    +--------------------------------------------------------------------------------+----------+-------+---+----+------------+------------+
    |grp_softmax_latency_array_array_softmax_config13_s_fu_56_res_V_data_0_V_TREADY  |    and   |      0|  0|   2|           1|           1|
    |grp_softmax_latency_array_array_softmax_config13_s_fu_56_res_V_data_1_V_TREADY  |    and   |      0|  0|   2|           1|           1|
    |ap_block_state1                                                                 |    or    |      0|  0|   2|           1|           1|
    |ap_block_state1_ignore_call4                                                    |    or    |      0|  0|   2|           1|           1|
    |ap_block_state6                                                                 |    or    |      0|  0|   2|           1|           1|
    |ap_block_state7                                                                 |    or    |      0|  0|   2|           1|           1|
    +--------------------------------------------------------------------------------+----------+-------+---+----+------------+------------+
    |Total                                                                           |          |      0|  0|  12|           6|           6|
    +--------------------------------------------------------------------------------+----------+-------+---+----+------------+------------+

    * Multiplexer: 
    +----------------------------+----+-----------+-----+-----------+
    |            Name            | LUT| Input Size| Bits| Total Bits|
    +----------------------------+----+-----------+-----+-----------+
    |ap_NS_fsm                   |  41|          8|    1|          8|
    |ap_done                     |   9|          2|    1|          2|
    |data_V_data_0_V_blk_n       |   9|          2|    1|          2|
    |data_V_data_0_V_read        |   9|          2|    1|          2|
    |data_V_data_1_V_blk_n       |   9|          2|    1|          2|
    |data_V_data_1_V_read        |   9|          2|    1|          2|
    |res_V_data_0_V_TDATA_blk_n  |   9|          2|    1|          2|
    |res_V_data_1_V_TDATA_blk_n  |   9|          2|    1|          2|
    +----------------------------+----+-----------+-----+-----------+
    |Total                       | 104|         22|    8|         22|
    +----------------------------+----+-----------+-----+-----------+

    * Register: 
    +-------------+---+----+-----+-----------+
    |     Name    | FF| LUT| Bits| Const Bits|
    +-------------+---+----+-----+-----------+
    |ap_CS_fsm    |  7|   0|    7|          0|
    |ap_done_reg  |  1|   0|    1|          0|
    +-------------+---+----+-----+-----------+
    |Total        |  8|   0|    8|          0|
    +-------------+---+----+-----+-----------+



================================================================
== Interface
================================================================
* Summary: 
+-------------------------+-----+-----+------------+----------------------------------------------------+--------------+
|        RTL Ports        | Dir | Bits|  Protocol  |                    Source Object                   |    C Type    |
+-------------------------+-----+-----+------------+----------------------------------------------------+--------------+
|ap_clk                   |  in |    1| ap_ctrl_hs | softmax<array,array<ap_fixed,2u>,softmax_config13> | return value |
|ap_rst                   |  in |    1| ap_ctrl_hs | softmax<array,array<ap_fixed,2u>,softmax_config13> | return value |
|ap_start                 |  in |    1| ap_ctrl_hs | softmax<array,array<ap_fixed,2u>,softmax_config13> | return value |
|ap_done                  | out |    1| ap_ctrl_hs | softmax<array,array<ap_fixed,2u>,softmax_config13> | return value |
|ap_continue              |  in |    1| ap_ctrl_hs | softmax<array,array<ap_fixed,2u>,softmax_config13> | return value |
|ap_idle                  | out |    1| ap_ctrl_hs | softmax<array,array<ap_fixed,2u>,softmax_config13> | return value |
|ap_ready                 | out |    1| ap_ctrl_hs | softmax<array,array<ap_fixed,2u>,softmax_config13> | return value |
|data_V_data_0_V_dout     |  in |   16|   ap_fifo  |                   data_V_data_0_V                  |    pointer   |
|data_V_data_0_V_empty_n  |  in |    1|   ap_fifo  |                   data_V_data_0_V                  |    pointer   |
|data_V_data_0_V_read     | out |    1|   ap_fifo  |                   data_V_data_0_V                  |    pointer   |
|data_V_data_1_V_dout     |  in |   16|   ap_fifo  |                   data_V_data_1_V                  |    pointer   |
|data_V_data_1_V_empty_n  |  in |    1|   ap_fifo  |                   data_V_data_1_V                  |    pointer   |
|data_V_data_1_V_read     | out |    1|   ap_fifo  |                   data_V_data_1_V                  |    pointer   |
|res_V_data_0_V_TDATA     | out |   16|    axis    |                   res_V_data_0_V                   |    pointer   |
|res_V_data_0_V_TVALID    | out |    1|    axis    |                   res_V_data_0_V                   |    pointer   |
|res_V_data_0_V_TREADY    |  in |    1|    axis    |                   res_V_data_0_V                   |    pointer   |
|res_V_data_1_V_TDATA     | out |   16|    axis    |                   res_V_data_1_V                   |    pointer   |
|res_V_data_1_V_TVALID    | out |    1|    axis    |                   res_V_data_1_V                   |    pointer   |
|res_V_data_1_V_TREADY    |  in |    1|    axis    |                   res_V_data_1_V                   |    pointer   |
+-------------------------+-----+-----+------------+----------------------------------------------------+--------------+

